$ C:\Users\user\Documents\lee\class\2026-2\mlops_public\practice\chapter7\venv\Scripts\python.exe 7-1-feature-store-minimal.py

=== STDOUT ===
[source] 피처 원천 9행 → complaint_daily_features.parquet

=== STDERR ===
Traceback (most recent call last):
  File "C:\Users\user\Documents\lee\class\2026-2\mlops_public\practice\chapter7\code\7-1-feature-store-minimal.py", line 285, in <module>
    raise SystemExit(main())
                     ^^^^^^
  File "C:\Users\user\Documents\lee\class\2026-2\mlops_public\practice\chapter7\code\7-1-feature-store-minimal.py", line 238, in main
    store = make_repo(source_path)
            ^^^^^^^^^^^^^^^^^^^^^^
  File "C:\Users\user\Documents\lee\class\2026-2\mlops_public\practice\chapter7\code\7-1-feature-store-minimal.py", line 118, in make_repo
    store.apply([district, daily_fv, service])
  File "C:\Users\user\Documents\lee\class\2026-2\mlops_public\practice\chapter7\venv\Lib\site-packages\feast\feature_store.py", line 1488, in apply
    self._make_inferences(
  File "C:\Users\user\Documents\lee\class\2026-2\mlops_public\practice\chapter7\venv\Lib\site-packages\feast\feature_store.py", line 965, in _make_inferences
    entities = self._list_entities()
               ^^^^^^^^^^^^^^^^^^^^^
  File "C:\Users\user\Documents\lee\class\2026-2\mlops_public\practice\chapter7\venv\Lib\site-packages\feast\feature_store.py", line 482, in _list_entities
    all_entities = self.registry.list_entities(
                   ^^^^^^^^^^^^^
  File "C:\Users\user\Documents\lee\class\2026-2\mlops_public\practice\chapter7\venv\Lib\site-packages\feast\feature_store.py", line 376, in registry
    self._registry = self._create_registry()
                     ^^^^^^^^^^^^^^^^^^^^^^^
  File "C:\Users\user\Documents\lee\class\2026-2\mlops_public\practice\chapter7\venv\Lib\site-packages\feast\feature_store.py", line 404, in _create_registry
    return Registry(
           ^^^^^^^^^
  File "C:\Users\user\Documents\lee\class\2026-2\mlops_public\practice\chapter7\venv\Lib\site-packages\feast\infra\registry\registry.py", line 253, in __init__
    cls = get_registry_store_class_from_scheme(registry_path)
          ^^^^^^^^^^^^^^^^^^^^^^^^^^^^^^^^^^^^^^^^^^^^^^^^^^^
  File "C:\Users\user\Documents\lee\class\2026-2\mlops_public\practice\chapter7\venv\Lib\site-packages\feast\infra\registry\registry.py", line 158, in get_registry_store_class_from_scheme
    raise Exception(
Exception: Registry path C:\Users\user\Documents\lee\class\2026-2\mlops_public\practice\chapter7\data\output\feature_repo\registry.db has unsupported scheme c. Supported schemes are file, s3, gs and hdfs.
