$ /Users/callii/Documents/class/2026-2/mlops_public/practice/chapter6/venv/bin/python 6-1-daily-report-dag.py

=== STDOUT ===
2026-10-06T00:18:07.793347Z [warning  ] No system locale set. Falling back to 'en_US'. Set LANG/LC_ALL or pass locale_code to override. [py.warnings] category=UserWarning filename=/Users/callii/Documents/class/2026-2/mlops_public/practice/chapter6/venv/lib/python3.13/site-packages/cron_descriptor/ExpressionDescriptor.py lineno=69
2026-10-06T00:18:07.868720Z [info     ] DAG bundles loaded: dags-folder [airflow.dag_processing.bundles.manager.DagBundlesManager] loc=manager.py:271
2026-10-06T00:18:07.872599Z [info     ] Filling up the DagBag from /Users/callii/Documents/class/2026-2/mlops_public/practice/chapter6/code [airflow.dag_processing.dagbag.BundleDagBag] loc=dagbag.py:460
2026-10-06T00:18:07.877329Z [warning  ] No system locale set. Falling back to 'en_US'. Set LANG/LC_ALL or pass locale_code to override. [py.warnings] category=UserWarning filename=/Users/callii/Documents/class/2026-2/mlops_public/practice/chapter6/venv/lib/python3.13/site-packages/cron_descriptor/ExpressionDescriptor.py lineno=69
2026-10-06T00:18:07.878788Z [info     ] Bulk-writing dags to db        [airflow.serialization.definitions.dag] count=2 loc=dag.py:210
2026-10-06T00:18:07.884588Z [info     ] Getting latest run for non-partitioned Dag [airflow.dag_processing.collection] dag_id=daily_complaint_report loc=collection.py:200
2026-10-06T00:18:07.886274Z [info     ] no latest run found            [airflow.dag_processing.collection] dag_id=daily_complaint_report loc=collection.py:210
2026-10-06T00:18:07.888908Z [info     ] get next_dagrun_info_v2        [airflow.serialization.definitions.dag] last_automated_run_info=None loc=dag.py:445 next_info=DagRunInfo(run_after=DateTime(2026, 10, 6, 0, 0, 0, tzinfo=Timezone('UTC')), data_interval=DataInterval(start=DateTime(2026, 10, 6, 0, 0, 0, tzinfo=Timezone('UTC')), end=DateTime(2026, 10, 6, 0, 0, 0, tzinfo=Timezone('UTC'))), partition_date=None, partition_key=None)
2026-10-06T00:18:07.889003Z [info     ] setting next dagrun info       [airflow.models.dag] loc=dag.py:848 next_dagrun='2026-10-06 00:00:00+00:00' next_dagrun_create_after='2026-10-06 00:00:00+00:00' next_dagrun_data_interval_end='2026-10-06 00:00:00+00:00' next_dagrun_data_interval_start='2026-10-06 00:00:00+00:00' next_dagrun_partition_date=None next_dagrun_partition_key=None
2026-10-06T00:18:07.889652Z [info     ] Getting latest run for non-partitioned Dag [airflow.dag_processing.collection] dag_id=weekly_complaint_rollup loc=collection.py:200
2026-10-06T00:18:07.890086Z [info     ] no latest run found            [airflow.dag_processing.collection] dag_id=weekly_complaint_rollup loc=collection.py:210
2026-10-06T00:18:07.891930Z [info     ] get next_dagrun_info_v2        [airflow.serialization.definitions.dag] last_automated_run_info=None loc=dag.py:445 next_info=DagRunInfo(run_after=DateTime(2026, 10, 4, 0, 0, 0, tzinfo=Timezone('UTC')), data_interval=DataInterval(start=DateTime(2026, 10, 4, 0, 0, 0, tzinfo=Timezone('UTC')), end=DateTime(2026, 10, 4, 0, 0, 0, tzinfo=Timezone('UTC'))), partition_date=None, partition_key=None)
2026-10-06T00:18:07.891991Z [info     ] setting next dagrun info       [airflow.models.dag] loc=dag.py:848 next_dagrun='2026-10-04 00:00:00+00:00' next_dagrun_create_after='2026-10-04 00:00:00+00:00' next_dagrun_data_interval_end='2026-10-04 00:00:00+00:00' next_dagrun_data_interval_start='2026-10-04 00:00:00+00:00' next_dagrun_partition_date=None next_dagrun_partition_key=None
2026-10-06T00:18:07.905059Z [info     ] creating dag run               [airflow.serialization.definitions.dag] loc=dag.py:607 logical_date=DateTime(2026, 7, 1, 0, 0, 0, tzinfo=Timezone('UTC')) partition_key=None run_after=DateTime(2026, 10, 6, 0, 18, 7, 867778, tzinfo=Timezone('UTC')) run_id=manual__2026-10-06T00:18:07.867778+00:00
2026-10-06T00:18:07.937681Z [info     ] Created dag run.               [airflow.models.dagrun] dagrun=<DagRun daily_complaint_report @ 2026-07-01 00:00:00+00:00: manual__2026-10-06T00:18:07.867778+00:00, state:running, queued_at: None. run_type: manual> loc=dagrun.py:2446
2026-10-06T00:18:07.946350Z [info     ] [DAG TEST] starting task_id=validate_input map_index=-1 [airflow.sdk.definitions.dag] loc=dag.py:1501
2026-10-06T00:18:07.946509Z [info     ] [DAG TEST] running task <TaskInstance: daily_complaint_report.validate_input manual__2026-10-06T00:18:07.867778+00:00 [TaskInstanceState.SCHEDULED] ti_id=01a10e93-29ac-723f-b5b1-89eda4f41dc2> [airflow.sdk.definitions.dag] loc=dag.py:1504
2026-10-06T00:18:10.065788Z [info     ] Task started                   [airflow.api_fastapi.execution_api.routes.task_instances] correlation_id=01a10e93-2beb-765e-b109-8e844257e21f hostname=calliis-macbook-air.local loc=task_instances.py:231 previous_state=queued ti_id=01a10e93-29ac-723f-b5b1-89eda4f41dc2
2026-10-06T00:18:10.066814Z [info     ] Task instance state updated    [airflow.api_fastapi.execution_api.routes.task_instances] correlation_id=01a10e93-2beb-765e-b109-8e844257e21f loc=task_instances.py:259 rows_affected=1 ti_id=01a10e93-29ac-723f-b5b1-89eda4f41dc2
2026-10-06T00:18:10.076792Z [info     ] Updating RenderedTaskInstanceFields [airflow.api_fastapi.execution_api.routes.task_instances] correlation_id=01a10e93-321a-7ef2-afd8-3a0a49619356 field_count=3 loc=task_instances.py:1005 ti_id=01a10e93-29ac-723f-b5b1-89eda4f41dc2
2026-10-06T00:18:10.081800Z [info     ] ::endgroup::                   [task] loc=task_runner.py:2107
[validate_input] 2026-07-01: 20건 검증 통과 (2026-07-01.jsonl)
2026-10-06T00:18:10.082943Z [info     ] Done. Returned value was: 20   [airflow.task.operators.airflow.providers.standard.operators.python.PythonOperator] loc=python.py:233
2026-10-06T00:18:10.082987Z [info     ] ::group::Post Execute          [task] loc=task_runner.py:1577
2026-10-06T00:18:10.083052Z [info     ] Pushing xcom                   [task] loc=task_runner.py:2171 ti=RuntimeTaskInstance(id=UUID('01a10e93-29ac-723f-b5b1-89eda4f41dc2'), task_id='validate_input', dag_id='daily_complaint_report', run_id='manual__2026-10-06T00:18:07.867778+00:00', try_number=1, dag_version_id=UUID('01a10e93-277e-751a-b890-86e0da9e12cb'), map_index=-1, hostname='calliis-macbook-air.local', context_carrier=None, queue='default', task=<Task(PythonOperator): validate_input>, max_tries=0, start_date=datetime.datetime(2026, 10, 6, 0, 18, 8, 316733, tzinfo=datetime.timezone.utc), end_date=None, state=<TaskInstanceState.RUNNING: 'running'>, is_mapped=False, rendered_map_index=None, sentry_integration='')
2026-10-06T00:18:10.095907Z [info     ] Task instance state updated    [airflow.api_fastapi.execution_api.routes.task_instances] correlation_id=01a10e93-3228-7f2d-be8c-e375bfdf0fe8 loc=task_instances.py:484 new_state=success rows_affected=1 ti_id=01a10e93-29ac-723f-b5b1-89eda4f41dc2
2026-10-06T00:18:10.097466Z [info     ] ::endgroup::                   [task] loc=task_runner.py:2270
2026-10-06T00:18:10.101858Z [info     ] [DAG TEST] end task task_id=validate_input map_index=-1 [airflow.sdk.definitions.dag] loc=dag.py:1563
2026-10-06T00:18:10.104653Z [info     ] [DAG TEST] starting task_id=clean_and_map map_index=-1 [airflow.sdk.definitions.dag] loc=dag.py:1501
2026-10-06T00:18:10.104786Z [info     ] [DAG TEST] running task <TaskInstance: daily_complaint_report.clean_and_map manual__2026-10-06T00:18:07.867778+00:00 [TaskInstanceState.SCHEDULED] ti_id=01a10e93-29ad-7196-9617-fba56c70b56b> [airflow.sdk.definitions.dag] loc=dag.py:1504
2026-10-06T00:18:10.109391Z [info     ] Task started                   [airflow.api_fastapi.execution_api.routes.task_instances] correlation_id=01a10e93-3239-780e-addc-fe4a144db98c hostname=calliis-macbook-air.local loc=task_instances.py:231 previous_state=queued ti_id=01a10e93-29ad-7196-9617-fba56c70b56b
2026-10-06T00:18:10.109836Z [info     ] Task instance state updated    [airflow.api_fastapi.execution_api.routes.task_instances] correlation_id=01a10e93-3239-780e-addc-fe4a144db98c loc=task_instances.py:259 rows_affected=1 ti_id=01a10e93-29ad-7196-9617-fba56c70b56b
2026-10-06T00:18:10.115219Z [info     ] Updating RenderedTaskInstanceFields [airflow.api_fastapi.execution_api.routes.task_instances] correlation_id=01a10e93-3241-7d85-9df5-0c6c57446ef9 field_count=3 loc=task_instances.py:1005 ti_id=01a10e93-29ad-7196-9617-fba56c70b56b
2026-10-06T00:18:10.117627Z [info     ] ::endgroup::                   [task] loc=task_runner.py:2107
[clean_and_map] 2026-07-01: {'date': '2026-07-01', 'physical': 20, 'dup_removed': 0, 'valid': 20, 'mapped': 18, 'missing': 1, 'unmapped': 1, 'ws_stripped': 1, 'alias_fixed': 4, 'preservation_ok': True}
2026-10-06T00:18:10.118727Z [info     ] Done. Returned value was: {'date': '2026-07-01', 'physical': 20, 'dup_removed': 0, 'valid': 20, 'mapped': 18, 'missing': 1, 'unmapped': 1, 'ws_stripped': 1, 'alias_fixed': 4, 'preservation_ok': True} [airflow.task.operators.airflow.providers.standard.operators.python.PythonOperator] loc=python.py:233
2026-10-06T00:18:10.118769Z [info     ] ::group::Post Execute          [task] loc=task_runner.py:1577
2026-10-06T00:18:10.118813Z [info     ] Pushing xcom                   [task] loc=task_runner.py:2171 ti=RuntimeTaskInstance(id=UUID('01a10e93-29ad-7196-9617-fba56c70b56b'), task_id='clean_and_map', dag_id='daily_complaint_report', run_id='manual__2026-10-06T00:18:07.867778+00:00', try_number=1, dag_version_id=UUID('01a10e93-277e-751a-b890-86e0da9e12cb'), map_index=-1, hostname='calliis-macbook-air.local', context_carrier=None, queue='default', task=<Task(PythonOperator): clean_and_map>, max_tries=0, start_date=datetime.datetime(2026, 10, 6, 0, 18, 10, 105473, tzinfo=datetime.timezone.utc), end_date=None, state=<TaskInstanceState.RUNNING: 'running'>, is_mapped=False, rendered_map_index=None, sentry_integration='')
2026-10-06T00:18:10.126617Z [info     ] Task instance state updated    [airflow.api_fastapi.execution_api.routes.task_instances] correlation_id=01a10e93-324a-75de-b253-d26701762c55 loc=task_instances.py:484 new_state=success rows_affected=1 ti_id=01a10e93-29ad-7196-9617-fba56c70b56b
2026-10-06T00:18:10.127787Z [info     ] ::endgroup::                   [task] loc=task_runner.py:2270
2026-10-06T00:18:10.129653Z [info     ] [DAG TEST] end task task_id=clean_and_map map_index=-1 [airflow.sdk.definitions.dag] loc=dag.py:1563
2026-10-06T00:18:10.132556Z [info     ] [DAG TEST] starting task_id=check_quality map_index=-1 [airflow.sdk.definitions.dag] loc=dag.py:1501
2026-10-06T00:18:10.132607Z [info     ] [DAG TEST] running task <TaskInstance: daily_complaint_report.check_quality manual__2026-10-06T00:18:07.867778+00:00 [TaskInstanceState.SCHEDULED] ti_id=01a10e93-29af-7102-9dd9-a5622d61d163> [airflow.sdk.definitions.dag] loc=dag.py:1504
2026-10-06T00:18:10.136895Z [info     ] Task started                   [airflow.api_fastapi.execution_api.routes.task_instances] correlation_id=01a10e93-3255-7d1b-bd63-6295af634870 hostname=calliis-macbook-air.local loc=task_instances.py:231 previous_state=queued ti_id=01a10e93-29af-7102-9dd9-a5622d61d163
2026-10-06T00:18:10.137329Z [info     ] Task instance state updated    [airflow.api_fastapi.execution_api.routes.task_instances] correlation_id=01a10e93-3255-7d1b-bd63-6295af634870 loc=task_instances.py:259 rows_affected=1 ti_id=01a10e93-29af-7102-9dd9-a5622d61d163
2026-10-06T00:18:10.143055Z [info     ] Updating RenderedTaskInstanceFields [airflow.api_fastapi.execution_api.routes.task_instances] correlation_id=01a10e93-325c-7c7b-90e3-5765949fa957 field_count=3 loc=task_instances.py:1005 ti_id=01a10e93-29af-7102-9dd9-a5622d61d163
2026-10-06T00:18:10.145177Z [info     ] ::endgroup::                   [task] loc=task_runner.py:2107
[check_quality] 2026-07-01: gate=PASS, unmapped_rate=0.05
2026-10-06T00:18:10.145645Z [info     ] Done. Returned value was: {'alias_fixed': 4, 'date': '2026-07-01', 'dup_removed': 0, 'mapped': 18, 'missing': 1, 'physical': 20, 'preservation_ok': True, 'unmapped': 1, 'valid': 20, 'ws_stripped': 1, 'missing_rate': 0.05, 'unmapped_rate': 0.05, 'gate': 'PASS'} [airflow.task.operators.airflow.providers.standard.operators.python.PythonOperator] loc=python.py:233
2026-10-06T00:18:10.145690Z [info     ] ::group::Post Execute          [task] loc=task_runner.py:1577
2026-10-06T00:18:10.145737Z [info     ] Pushing xcom                   [task] loc=task_runner.py:2171 ti=RuntimeTaskInstance(id=UUID('01a10e93-29af-7102-9dd9-a5622d61d163'), task_id='check_quality', dag_id='daily_complaint_report', run_id='manual__2026-10-06T00:18:07.867778+00:00', try_number=1, dag_version_id=UUID('01a10e93-277e-751a-b890-86e0da9e12cb'), map_index=-1, hostname='calliis-macbook-air.local', context_carrier=None, queue='default', task=<Task(PythonOperator): check_quality>, max_tries=0, start_date=datetime.datetime(2026, 10, 6, 0, 18, 10, 133204, tzinfo=datetime.timezone.utc), end_date=None, state=<TaskInstanceState.RUNNING: 'running'>, is_mapped=False, rendered_map_index=None, sentry_integration='')
2026-10-06T00:18:10.154076Z [info     ] Task instance state updated    [airflow.api_fastapi.execution_api.routes.task_instances] correlation_id=01a10e93-3266-70b1-8d18-60ca947fed89 loc=task_instances.py:484 new_state=success rows_affected=1 ti_id=01a10e93-29af-7102-9dd9-a5622d61d163
2026-10-06T00:18:10.155295Z [info     ] ::endgroup::                   [task] loc=task_runner.py:2270
2026-10-06T00:18:10.157192Z [info     ] [DAG TEST] end task task_id=check_quality map_index=-1 [airflow.sdk.definitions.dag] loc=dag.py:1563
2026-10-06T00:18:10.157251Z [info     ] [DAG TEST] starting task_id=aggregate_daily map_index=-1 [airflow.sdk.definitions.dag] loc=dag.py:1501
2026-10-06T00:18:10.157285Z [info     ] [DAG TEST] running task <TaskInstance: daily_complaint_report.aggregate_daily manual__2026-10-06T00:18:07.867778+00:00 [TaskInstanceState.SCHEDULED] ti_id=01a10e93-29ae-71c1-bfb1-b8637e57cd4c> [airflow.sdk.definitions.dag] loc=dag.py:1504
2026-10-06T00:18:10.162423Z [info     ] Task started                   [airflow.api_fastapi.execution_api.routes.task_instances] correlation_id=01a10e93-326e-765a-b008-d3a1d4db54cb hostname=calliis-macbook-air.local loc=task_instances.py:231 previous_state=queued ti_id=01a10e93-29ae-71c1-bfb1-b8637e57cd4c
2026-10-06T00:18:10.162852Z [info     ] Task instance state updated    [airflow.api_fastapi.execution_api.routes.task_instances] correlation_id=01a10e93-326e-765a-b008-d3a1d4db54cb loc=task_instances.py:259 rows_affected=1 ti_id=01a10e93-29ae-71c1-bfb1-b8637e57cd4c
2026-10-06T00:18:10.168463Z [info     ] Updating RenderedTaskInstanceFields [airflow.api_fastapi.execution_api.routes.task_instances] correlation_id=01a10e93-3276-7850-8b90-ef03b1b9c297 field_count=3 loc=task_instances.py:1005 ti_id=01a10e93-29ae-71c1-bfb1-b8637e57cd4c
2026-10-06T00:18:10.170473Z [info     ] ::endgroup::                   [task] loc=task_runner.py:2107
[aggregate_daily] 2026-07-01: mapped_total=18, top=도로
2026-10-06T00:18:10.171034Z [info     ] Done. Returned value was: {'date': '2026-07-01', 'mapped_total': 18, 'by_region': [{'lawd_cd': '11440', 'region': '마포구', 'count': 5}, {'lawd_cd': '11620', 'region': '관악구', 'count': 5}, {'lawd_cd': '11680', 'region': '강남구', 'count': 8}], 'by_category': {'도로': 7, '소음': 5, '청소': 3, '환경': 3}, 'top_category': '도로'} [airflow.task.operators.airflow.providers.standard.operators.python.PythonOperator] loc=python.py:233
2026-10-06T00:18:10.171079Z [info     ] ::group::Post Execute          [task] loc=task_runner.py:1577
2026-10-06T00:18:10.171121Z [info     ] Pushing xcom                   [task] loc=task_runner.py:2171 ti=RuntimeTaskInstance(id=UUID('01a10e93-29ae-71c1-bfb1-b8637e57cd4c'), task_id='aggregate_daily', dag_id='daily_complaint_report', run_id='manual__2026-10-06T00:18:07.867778+00:00', try_number=1, dag_version_id=UUID('01a10e93-277e-751a-b890-86e0da9e12cb'), map_index=-1, hostname='calliis-macbook-air.local', context_carrier=None, queue='default', task=<Task(PythonOperator): aggregate_daily>, max_tries=0, start_date=datetime.datetime(2026, 10, 6, 0, 18, 10, 158654, tzinfo=datetime.timezone.utc), end_date=None, state=<TaskInstanceState.RUNNING: 'running'>, is_mapped=False, rendered_map_index=None, sentry_integration='')
2026-10-06T00:18:10.179104Z [info     ] Task instance state updated    [airflow.api_fastapi.execution_api.routes.task_instances] correlation_id=01a10e93-327f-7c24-bd2e-850127ddd64d loc=task_instances.py:484 new_state=success rows_affected=1 ti_id=01a10e93-29ae-71c1-bfb1-b8637e57cd4c
2026-10-06T00:18:10.180325Z [info     ] ::endgroup::                   [task] loc=task_runner.py:2270
2026-10-06T00:18:10.182182Z [info     ] [DAG TEST] end task task_id=aggregate_daily map_index=-1 [airflow.sdk.definitions.dag] loc=dag.py:1563
2026-10-06T00:18:10.184207Z [info     ] [DAG TEST] starting task_id=write_report map_index=-1 [airflow.sdk.definitions.dag] loc=dag.py:1501
2026-10-06T00:18:10.184256Z [info     ] [DAG TEST] running task <TaskInstance: daily_complaint_report.write_report manual__2026-10-06T00:18:07.867778+00:00 [TaskInstanceState.SCHEDULED] ti_id=01a10e93-29b0-7beb-bec7-971dacfe32a2> [airflow.sdk.definitions.dag] loc=dag.py:1504
2026-10-06T00:18:10.188548Z [info     ] Task started                   [airflow.api_fastapi.execution_api.routes.task_instances] correlation_id=01a10e93-3288-7be4-b171-564ca71e5771 hostname=calliis-macbook-air.local loc=task_instances.py:231 previous_state=queued ti_id=01a10e93-29b0-7beb-bec7-971dacfe32a2
2026-10-06T00:18:10.188968Z [info     ] Task instance state updated    [airflow.api_fastapi.execution_api.routes.task_instances] correlation_id=01a10e93-3288-7be4-b171-564ca71e5771 loc=task_instances.py:259 rows_affected=1 ti_id=01a10e93-29b0-7beb-bec7-971dacfe32a2
2026-10-06T00:18:10.194276Z [info     ] Updating RenderedTaskInstanceFields [airflow.api_fastapi.execution_api.routes.task_instances] correlation_id=01a10e93-3290-7e6a-8631-8d3a5e6e622d field_count=3 loc=task_instances.py:1005 ti_id=01a10e93-29b0-7beb-bec7-971dacfe32a2
2026-10-06T00:18:10.196621Z [info     ] ::endgroup::                   [task] loc=task_runner.py:2107
[write_report] 2026-07-01: /Users/callii/Documents/class/2026-2/mlops_public/practice/chapter6/data/output/daily/2026-07-01/report.md
2026-10-06T00:18:10.197210Z [info     ] Done. Returned value was: /Users/callii/Documents/class/2026-2/mlops_public/practice/chapter6/data/output/daily/2026-07-01/report.md [airflow.task.operators.airflow.providers.standard.operators.python.PythonOperator] loc=python.py:233
2026-10-06T00:18:10.197247Z [info     ] ::group::Post Execute          [task] loc=task_runner.py:1577
2026-10-06T00:18:10.197288Z [info     ] Pushing xcom                   [task] loc=task_runner.py:2171 ti=RuntimeTaskInstance(id=UUID('01a10e93-29b0-7beb-bec7-971dacfe32a2'), task_id='write_report', dag_id='daily_complaint_report', run_id='manual__2026-10-06T00:18:07.867778+00:00', try_number=1, dag_version_id=UUID('01a10e93-277e-751a-b890-86e0da9e12cb'), map_index=-1, hostname='calliis-macbook-air.local', context_carrier=None, queue='default', task=<Task(PythonOperator): write_report>, max_tries=0, start_date=datetime.datetime(2026, 10, 6, 0, 18, 10, 184837, tzinfo=datetime.timezone.utc), end_date=None, state=<TaskInstanceState.RUNNING: 'running'>, is_mapped=False, rendered_map_index=None, sentry_integration='')
2026-10-06T00:18:10.204906Z [info     ] Task instance state updated    [airflow.api_fastapi.execution_api.routes.task_instances] correlation_id=01a10e93-3299-7e43-a941-dbf45779c89a loc=task_instances.py:484 new_state=success rows_affected=1 ti_id=01a10e93-29b0-7beb-bec7-971dacfe32a2
2026-10-06T00:18:10.206069Z [info     ] ::endgroup::                   [task] loc=task_runner.py:2270
2026-10-06T00:18:10.207887Z [info     ] [DAG TEST] end task task_id=write_report map_index=-1 [airflow.sdk.definitions.dag] loc=dag.py:1563
2026-10-06T00:18:10.208701Z [info     ] Marking run <DagRun daily_complaint_report @ 2026-07-01 00:00:00+00:00: manual__2026-10-06T00:18:07.867778+00:00, state:running, queued_at: None. run_type: manual> successful [airflow.models.dagrun.DagRun] loc=dagrun.py:1249
2026-10-06T00:18:10.208948Z [info     ] DagRun Finished: dag_id=daily_complaint_report, logical_date=2026-07-01 00:00:00+00:00, run_id=manual__2026-10-06T00:18:07.867778+00:00, run_start_date=2026-07-01 00:00:00+00:00, run_end_date=2026-10-06 00:18:10.208738+00:00, run_duration=8381890.208738, state=success, run_type=manual, data_interval_start=2026-07-01 00:00:00+00:00, data_interval_end=2026-07-01 00:00:00+00:00, [airflow.models.dagrun.DagRun] loc=dagrun.py:1315
단독 실행 결과: dagrun=success

=== STDERR ===
